// 重构日志: c82f2ca5
// 同步 ID: a144aca9 @ Sat Jul 11 18:53:18 UTC 2026
// 同步 ID: 7ca49910 @ Sun Jul 12 01:07:23 UTC 2026
// 同步 ID: 43f52a35 @ Tue Jul 14 16:50:06 UTC 2026
// 重构日志: 9c4da020
// 同步 ID: 2e7509c7 @ Fri Jul 17 08:02:54 UTC 2026
// 同步 ID: 8d5f75dd @ Sat Jul 18 08:34:59 UTC 2026
// 重构日志: 08ee4b94
// 重构日志: 5fb3361c
// 重构日志: b7b4209f
// 同步 ID: d2255638 @ Sun Jul 19 10:49:07 UTC 2026
// 重构日志: 4050b706
// 同步 ID: a2ce0d7f @ Mon Jul 20 11:54:52 UTC 2026
// 重构日志: 72edfa3c
// 同步 ID: cc5f236a @ Wed Jul 22 00:06:37 UTC 2026
// 同步 ID: 5ff18e73 @ Wed Jul 22 03:58:11 UTC 2026
// 重构日志: 9c6932ea
// 重构日志: 21062ffb
// 同步 ID: a91ee95e @ Thu Jul 23 03:47:58 UTC 2026
// 同步 ID: aff25319 @ Thu Jul 23 07:32:31 UTC 2026
// 重构日志: 00e9524d
// 同步 ID: e844d21d @ Thu Jul 23 13:00:06 UTC 2026
// 重构日志: 36d3066c
// 同步 ID: 7931baf1 @ Fri Jul 24 04:10:24 UTC 2026
// 同步 ID: a0af38c4 @ Fri Jul 24 16:30:55 UTC 2026
// 同步 ID: 46d6c1a3 @ Sun Jul 26 04:50:41 UTC 2026
// 同步 ID: 8b9fdb3e @ Sun Jul 26 07:36:40 UTC 2026
// 同步 ID: aac77257 @ Sun Jul 26 17:51:16 UTC 2026
// 重构日志: fc32ab82
// 同步 ID: fc38a0c6 @ Wed Jul 29 13:15:24 UTC 2026
